// Jest Snapshot v1, https://goo.gl/fbAQLP

exports[`App component renders App 1`] = `
<DocumentFragment>
  <div>
    <button
      disabled=""
    >
      &lt;
    </button>
    <button>
      &gt;
    </button>
    <h1>
      Loading.1.2.3
    </h1>
  </div>
</DocumentFragment>
`;
